// Jest Snapshot v1, https://goo.gl/fbAQLP

exports[`render should render properly formatted CMD.exe theme .reg file 1`] = `
"Windows Registry Editor Version 5.00

[HKEY_CURRENT_USER\\\\Console]
\\"ColorTable00\\"=dword:00292628
\\"ColorTable01\\"=dword:00FFBF66
\\"ColorTable02\\"=dword:0035CCA4
\\"ColorTable03\\"=dword:009EC926
\\"ColorTable04\\"=dword:005040FF
\\"ColorTable05\\"=dword:00FA78CC
\\"ColorTable06\\"=dword:004AD2FF
\\"ColorTable07\\"=dword:00E0DCE0
\\"ColorTable08\\"=dword:00474247
\\"ColorTable09\\"=dword:00FFBF66
\\"ColorTable10\\"=dword:0035CCA4
\\"ColorTable11\\"=dword:009EC926
\\"ColorTable12\\"=dword:005040FF
\\"ColorTable13\\"=dword:00BF53F5
\\"ColorTable14\\"=dword:004AD2FF
\\"ColorTable15\\"=dword:00FFFCFF
\\"ScreenColors\\"=dword:00000007
\\"PopupColors\\"=dword:0000008b
    "
`;

exports[`render should render properly formatted CMD.exe theme .reg file 2`] = `
"Windows Registry Editor Version 5.00

[HKEY_CURRENT_USER\\\\Console]
\\"ColorTable00\\"=dword:00FFFCFF
\\"ColorTable01\\"=dword:00E1A653
\\"ColorTable02\\"=dword:002DBD97
\\"ColorTable03\\"=dword:0098C51F
\\"ColorTable04\\"=dword:004D3EF0
\\"ColorTable05\\"=dword:00F065BF
\\"ColorTable06\\"=dword:0021BAEE
\\"ColorTable07\\"=dword:00474247
\\"ColorTable08\\"=dword:00E0DCE0
\\"ColorTable09\\"=dword:00E1A653
\\"ColorTable10\\"=dword:002DBD97
\\"ColorTable11\\"=dword:0098C51F
\\"ColorTable12\\"=dword:004D3EF0
\\"ColorTable13\\"=dword:00B84EEE
\\"ColorTable14\\"=dword:0021BAEE
\\"ColorTable15\\"=dword:00292628
\\"ScreenColors\\"=dword:00000007
\\"PopupColors\\"=dword:0000008b
    "
`;

exports[`renderInstructions should provide installation instructions 1`] = `
"
Simply double-click the desired theme file to add the color keys to the registry:

* \`themer-dark.reg\`
* \`themer-light.reg\`

The scheme of CMD can then be configured with the \`color\` command. For example, use \`color 07\` to set the background and foreground to your color set's default.
"
`;
