// Jest Snapshot v1, https://goo.gl/fbAQLP

exports[`themer vim color scheme generator should provide installation instructions 1`] = `
"
Copy or symlink \`ThemerVim.vim\` to \`~/.vim/colors/\`.

Then set the colorscheme in \`.vimrc\`:

    \\" The background option must be set before running this command.
    colo ThemerVim
"
`;
