// Jest Snapshot v1, https://goo.gl/fbAQLP

exports[`themer "dot grid" wallpaper should list output files 1`] = `
"
Files generated:

* \`themer-wallpaper-dot-grid-dark-1000x1000-1.png\`
* \`themer-wallpaper-dot-grid-dark-1000x1000-2.png\`
* \`themer-wallpaper-dot-grid-light-1000x1000-1.png\`
* \`themer-wallpaper-dot-grid-light-1000x1000-2.png\`
"
`;
