// Jest Snapshot v1, https://goo.gl/fbAQLP

exports[`themer "circuits" wallpaper should list output files 1`] = `
"
Files generated:

* \`themer-wallpaper-circuits-dark-1000x1000.png\`
* \`themer-wallpaper-circuits-light-1000x1000.png\`
"
`;
