// Jest Snapshot v1, https://goo.gl/fbAQLP

exports[`Brave theme generator should provide installation instructions 1`] = `
"
1. Launch Brave and go to \`brave://extensions\`.
2. Check the \\"Developer mode\\" checkbox at the top.
3. Click the \\"Load unpacked extension...\\" button and choose the desired theme directory (\`Themer Dark\` or \`Themer Light\`).

(To reset or remove the theme, visit \`brave://settings\` and click \\"Reset to Default\\" in the \\"Appearance\\" section.)
  "
`;
